// Jest Snapshot v1, https://goo.gl/fbAQLP

exports[`Pruebas en el componente AddCategory Debe mostrarse Correctamente  1`] = `
<Fragment>
  <form
    onSubmit={[Function]}
  >
    <p />
    <input
      onChange={[Function]}
      placeholder="Buscar...."
      type="text"
      value=""
    />
  </form>
</Fragment>
`;
